[     462ms] [ERROR] SB_PREVIEW_API_0008 (EmptyIndexError): Couldn't find any stories in your Storybook.

- Please check your stories field of your main.js config: does it match correctly?
- Also check the browser console and terminal for error messages.
    at ns.selectSpecifiedStory (http://localhost:6006/sb-preview/runtime.js:7215:55)
    at ns.initializeWithStoryIndex (http://localhost:6006/sb-preview/runtime.js:7197:58) @ http://localhost:6006/sb-preview/runtime.js:2725
[   24882ms] [ERROR] SB_PREVIEW_API_0008 (EmptyIndexError): Couldn't find any stories in your Storybook.

- Please check your stories field of your main.js config: does it match correctly?
- Also check the browser console and terminal for error messages.
    at ns.selectSpecifiedStory (http://localhost:6006/sb-preview/runtime.js:7215:55)
    at ns.onStoriesChanged (http://localhost:6006/sb-preview/runtime.js:7238:5)
    at async ns.onStoryIndexChanged (http://localhost:6006/sb-preview/runtime.js:6733:9) @ http://localhost:6006/sb-preview/runtime.js:2725
[   34243ms] [ERROR] Failed to load resource: net::ERR_CONNECTION_RESET @ http://localhost:6006/__webpack_hmr:0
[   56183ms] [ERROR] Failed to load resource: the server responded with a status of 404 (Not Found) @ http://localhost:6006/runtime_main.dc47debc083e75cf8d87.hot-update.json:0
[   56183ms] [WARNING] [HMR] Cannot find update (Full reload needed) @ http://localhost:6006/vendors-node_modules_storybook_addon-essentials_dist_actions_preview_mjs-node_modules_storybo-52b905.iframe.bundle.js:6028
[   56183ms] [WARNING] [HMR] (Probably because of restarting the server) @ http://localhost:6006/vendors-node_modules_storybook_addon-essentials_dist_actions_preview_mjs-node_modules_storybo-52b905.iframe.bundle.js:6029
[   56183ms] [WARNING] [HMR] Reloading page @ http://localhost:6006/vendors-node_modules_storybook_addon-essentials_dist_actions_preview_mjs-node_modules_storybo-52b905.iframe.bundle.js:6120
[   56444ms] [ERROR] SB_PREVIEW_API_0008 (EmptyIndexError): Couldn't find any stories in your Storybook.

- Please check your stories field of your main.js config: does it match correctly?
- Also check the browser console and terminal for error messages.
    at ns.selectSpecifiedStory (http://localhost:6006/sb-preview/runtime.js:7215:55)
    at ns.initializeWithStoryIndex (http://localhost:6006/sb-preview/runtime.js:7197:58) @ http://localhost:6006/sb-preview/runtime.js:2725
